// Jest Snapshot v1, https://goo.gl/fbAQLP

exports[`<ReviewContainer /> should render ReviewContainer 1`] = `
<styled.div>
  <styled.div>
    <Score />
    <Channel />
  </styled.div>
  <styled.div>
    <styled.div />
  </styled.div>
  <styled.div>
    <styled.div />
  </styled.div>
  <styled.div>
    <Feeback />
  </styled.div>
  <styled.div>
    <styled.div />
  </styled.div>
  <styled.div>
    <styled.div>
      Reviewed 
      <n
        ago={false}
        calendar={false}
        decimal={false}
        element={null}
        filter={[Function]}
        format="DD MMMM YYYY"
        fromNow={false}
        interval={60000}
        local={false}
        onChange={[Function]}
        titleFormat=""
        toNow={false}
        trim={false}
        unit={null}
        unix={false}
        utc={false}
        withTitle={false}
      />
    </styled.div>
  </styled.div>
  <styled.hr />
</styled.div>
`;
